saroj@Moksha MINGW64 ~/OneDrive/Desktop/course/FirstSetup (master)
$ echo 'this is command line interface'
this is command line interface

saroj@Moksha MINGW64 ~/OneDrive/Desktop/course/FirstSetup (master)
$ echo -n 'this is command line interface'
this is command line interface

saroj@Moksha MINGW64 ~
$ ls
 Documents/
 Downloads/
 Favorites/
 FineScreenRecorder.Infatica.dat
 Links/
'Local Settings'@
 Music/
'My Documents'@
 OneDrive/
 PrintHood@
 PycharmProjects/
 ntuser.ini

saroj@Moksha MINGW64 ~
$ cd OneDrive

saroj@Moksha MINGW64 ~/OneDrive
$ ls
 Attachments/      'Document 3.docx'       Pictures/                             desktop.ini
 Desktop/           Document.docx         'Resume_PradeepKushwah_review 1.doc'
'Document 1.docx'   Documents/            'Resume_PradeepKushwah_review 2.doc'
'Document 2.docx'  'Personal Vault.lnk'*   Resume_PradeepKushwah_review.doc

saroj@Moksha MINGW64 ~/OneDrive
$ cd Desktop

saroj@Moksha MINGW64 ~/OneDrive/Desktop
$ ls
'GitHub Desktop.lnk'*         'OfficeSuite Slides.lnk'*  'Saroj - Chrome.lnk'*       course/
'OfficeSuite Documents.lnk'*  'Roblox Player.lnk'*       'Visual Studio Code.lnk'*   desktop.ini
'OfficeSuite Mail.lnk'*       'Roblox Studio.lnk'*       'WhatsApp Web.lnk'*

saroj@Moksha MINGW64 ~/OneDrive/Desktop
$ cd course

saroj@Moksha MINGW64 ~/OneDrive/Desktop/course
$ ls
 FirstSetup/       'Hi, I have worked remotely as a dat.txt'   gitadd.txt   unixComm24June.txt
 FirstSetup-main/  'Using Bedrock to generate.txt'             python_1/    unix_2/

saroj@Moksha MINGW64 ~/OneDrive/Desktop/course
$ cd FirstSetup

saroj@Moksha MINGW64 ~/OneDrive/Desktop/course/FirstSetup (master)
$ ls
logic_1/               python_1/  secondFile.txt  unix_1/  version_control_1/
prompt_engineering_1/  python_2/  text.txt        unix_2/

saroj@Moksha MINGW64 ~/OneDrive/Desktop/course/FirstSetup (master)
$

saroj@Moksha MINGW64 ~/OneDrive/Desktop/course/FirstSetup (master)
$ cd unix_2

saroj@Moksha MINGW64 ~/OneDrive/Desktop/course/FirstSetup/unix_2 (master)
$ touch readme.md

saroj@Moksha MINGW64 ~/OneDrive/Desktop/course/FirstSetup/unix_2 (master)
$ touch unixCommands.txt

saroj@Moksha MINGW64 ~/OneDrive/Desktop/course/FirstSetup/unix_2 (master)
$ cd..
bash: cd..: command not found

saroj@Moksha MINGW64 ~/OneDrive/Desktop/course/FirstSetup/unix_2 (master)
$ cd..
bash: cd..: command not found

saroj@Moksha MINGW64 ~/OneDrive/Desktop/course/FirstSetup/unix_2 (master)
$ cd ..

saroj@Moksha MINGW64 ~/OneDrive/Desktop/course/FirstSetup (master)
$ cd unix_1

